// Jest Snapshot v1, https://goo.gl/fbAQLP

exports[`AddPerson should render all components in order 1`] = `ShallowWrapper {}`;
