// Jest Snapshot v1, https://goo.gl/fbAQLP

exports[`App renders with all components in order 1`] = `ShallowWrapper {}`;
