// Jest Snapshot v1, https://goo.gl/fbAQLP

exports[`Cohort should render all components in correct order 1`] = `ShallowWrapper {}`;
